29400000
20700000
19400000
0
90500000
40200000
85700000
96500000
30000000
98800000
67800000
52000000
61900000
17400000
81200000
29100000
94300000
43400000
80600000
41700000
88000000
99600000
83600000
40400000
77100000
40500000
30900000
63900000
90500000
88100000
13500000
40400000
7800000
24400000
59300000
89300000
47000000
38900000
53600000
53800000
61300000
27000000
44500000
9300000
22400000
62500000
38000000
52500000
49900000
18100000
5700000
39900000
61600000
56500000
5200000
16000000
92100000
73000000
76000000
91000000
80100000
700000
56300000
9800000
36400000
63100000
91800000
70100000
90500000
49500000
17800000
33500000
18300000
8400000
67800000
45100000
800000
16300000
77400000
51200000
34400000
33500000
77500000
16600000
53900000
6400000
9700000
68800000
88300000
23000000
