-1624513416139
22012555371
-42635412359
-696179897499
