735696119973
-6255055007
-748759168135
-753218261029
191478475300
