811054169756
-760100108583
-760100108583
-216860336701
-653713505276
-539828119659
530496693772
