-755836712066
-755836712066
-135794566542
246464091674
394723063339
