1735674538443
1123941525326
-129109003562
-216322936746
-688387147441
