1488413294840
169040174765
2526266461735
200198961952
-1376545562095
-119692072032
777029923118
-317556113309
268392475778
