618302259049
1072048784321
643085191739
707166939227
1286170383478
552726842976
-670994221614
707166939227
