-487608357791
252336521762
-95929902310
320070142931
