0
297
198
2220
2604
5322
1378
2067
2178
4298
755
5758
7506
5473
8429
8429
9793
7732
8429
0
1545
11291
11035
6696
9304
10060
12013
13143
7715
14260
12324
12526
8766
13222
14032
12518
12518
6530
8941
8985
0
15753
13316
17219
17121
14798
7730
18123
10738
15473
