234
600
242
421
273
963
366
93
863
367
905
93
99
970
1341
1605
1605
657
1905
0
2545
2820
1023
2057
1023
2616
855
312
388
1087
2650
1238
1504
1238
2880
417
417
3775
2880
1318
2148
4329
0
0
455
2819
2819
1789
2217
4426
2272
4481
2272
1849
3736
