0
0
211
211
0
1102
1102
1102
422
1102
1102
0
1168
680
1600
1460
1600
0
1292
1533
1218
812
426
302
504
2819
504
302
1338
2819
302
302
2917
650
4559
0
3879
0
462
1154
1194
6274
6572
5649
9324
8910
1412
