0
0
0
297
871
723
1371
1791
1943
2143
2063
2367
0
277
2085
1300
766
0
2603
3340
2688
2913
2841
3211
2688
2841
469
2035
391
3544
469
3826
3832
473
4391
4170
4566
2927
4663
0
5092
4816
5021
5245
4988
4565
1808
6218
1317
