0
82
3446
630
3974
2310
4887
9550
6784
11440
15951
10811
18807
20510
11709
22669
27285
28083
26689
22160
27608
1363
22160
29613
10327
29273
1455
15256
25898
35915
32909
26759
38057
7160
27285
35898
52513
4565
51198
60194
61230
