/* Test case #1 for problem 0009 is not available. */