0
63
63
0
63
180
93
206
113
113
113
206
297
30
198
198
198
198
198
0
385
204
198
225
198
385
296
608
850
462
421
613
364
613
471
1110
1110
270
471
693
98
528
0
0
1397
173
173
1039
601
528
601
528
601
1099
708
