0
0
0
0
0
33
0
0
0
0
0
0
29
87
0
64
124
0
0
0
107
0
55
162
0
0
37
0
87
37
0
169
235
65
0
0
58
75
280
75
0
0
280
0
75
0
75
77
87
0
