0
0
0
0
0
0
0
0
0
1
0
0
0
0
1
51
0
0
0
0
0
0
74
0
0
140
8
8
8
51
120
0
76
1
164
109
93
88
227
54
54
115
287
322
115
200
54
302
331
130
130
54
115
302
208
200
218
373
72
154
271
154
377
377
458
458
458
297
67
204
164
297
144
479
487
276
0
373
616
145
205
205
457
204
550
290
276
214
291
275
0
549
215
279
451
347
722
193
224
215
307
864
326
731
381
345
345
345
500
371
345
446
596
836
526
1063
460
836
409
971
355
1063
363
837
759
284
588
449
323
1151
305
673
578
623
449
656
1156
742
485
305
1158
602
1021
125
374
265
1070
742
369
612
570
407
1090
1211
320
451
652
685
546
918
498
413
793
263
1064
840
957
689
532
924
581
564
1268
1117
1228
876
938
263
771
413
263
486
404
427
781
587
1383
772
772
1317
651
706
566
405
459
413
1305
1213
345
1317
844
1314
566
407
1368
861
448
949
413
419
477
671
125
672
1278
566
672
1043
1094
997
690
672
881
1023
1223
1420
624
587
587
1515
758
792
629
914
1156
1183
1558
662
498
1528
1602
1564
1354
666
570
1084
605
1221
605
773
670
767
877
1262
1448
