0
0
0
0
0
58
0
63
63
95
95
95
0
343
0
0
192
0
132
224
95
167
0
355
95
95
286
189
95
355
286
420
208
448
160
111
208
239
111
0
208
111
33
208
614
368
263
722
1024
