0
0
0
0
0
129
129
129
162
129
129
0
140
392
140
248
140
0
406
429
497
497
325
325
202
376
202
325
666
376
325
325
380
275
598
0
758
0
485
627
627
1049
1225
712
818
404
614
