0
0
0
66
128
28
28
28
135
73
73
28
302
506
88
362
464
149
558
149
701
416
558
701
315
416
249
88
43
726
149
444
726
847
43
838
1199
932
329
0
678
