58691
14958
31140
64832
66705
41814
36320
21566
79119
64832
