11695320
9830304
17454240
3426864
2997540
8639352
548340
12884256
11844144
9489480
