18344
18441
18006
1073
21101
22593
20532
22251
638
9130
