100821
9841
131159
23290
87557
148358
100315
97376
42044
70454
