161531
1792
203358
51929
8143
20251
243556
68449
77304
159762
