98
92
88
84
83
68
67
55
51
36
35
34
93
31
26
56
24
23
52
21
27
85
76
43
20
13
80
10
9
96
25
74
8
44
30
18
4
97
63
7
12
32
94
14
3
46
2
78
90
58
5
41
50
15
22
29
47
73
28
79
40
77
1
48
33
61
69
75
72
62
45
70
38
19
37
65
49
91
59
57
81
17
64
42
6
66
87
16
82
53
39
60
95
86
0
11
71
54
89
99
