17
13
11
12
6
14
8
4
2
9
16
5
19
0
10
15
1
18
7
3
