18
15
17
19
10
11
6
5
9
16
8
14
4
12
24
3
13
2
7
1
22
20
23
0
21
