154
153
152
148
146
145
144
143
141
140
137
133
131
129
128
127
126
125
124
121
120
118
114
111
110
108
116
107
106
104
101
99
98
97
96
95
94
92
89
88
85
82
79
76
75
73
69
113
68
67
64
77
63
62
80
83
66
61
60
59
58
57
56
151
55
53
84
50
49
48
47
46
44
42
41
112
40
39
38
37
74
132
130
36
35
34
33
90
32
30
29
28
138
142
81
25
45
122
119
24
23
22
100
26
78
109
18
17
16
15
14
86
103
13
12
11
31
91
105
123
65
10
27
9
8
72
6
70
54
93
136
51
43
5
4
135
52
117
149
3
115
102
150
21
87
139
19
1
2
147
7
71
134
0
20
