99002
98002
97002
96002
95002
94002
93002
92002
91002
89002
88002
87002
86002
85002
84002
83002
82002
81002
79002
78002
77002
76002
75002
74002
73002
72002
71002
69002
68002
67002
66002
65002
64002
63002
62002
61002
59002
58002
57002
56002
55002
54002
53002
52002
51002
49002
48002
47002
46002
45002
44002
43002
42002
41002
39002
38002
37002
36002
35002
34002
33002
32002
31002
29002
28002
27002
26002
25002
24002
23002
22002
21002
19002
18002
17002
16002
15002
14002
13002
12002
11002
9002
8002
7002
6002
5002
4002
3002
2002
1002
