80
95
115
111
6
54
72
86
122
27
10
90
127
67
115
157
150
155
18
20
81
40
85
17
98
76
92
97
116
66
94
127
19
100
128
126
134
16
12
44
47
63
19
43
29
16
4
20
4
15
30
35
49
54
60
53
69
75
11
76
47
77
78
80
63
81
81
84
85
87
87
90
75
97
99
104
109
109
110
112
72
30
85
91
119
121
122
128
130
130
83
84
13
1
47
48
68
74
88
3
93
99
66
101
111
116
117
124
31
114
29
126
130
135
58
135
140
