87
215
1
183
55
195
2
81
30
27
8
28
69
82
37
66
85
99
106
110
87
91
111
114
74
122
44
66
130
131
10
76
130
132
134
142
1
46
86
2
31
17
51
83
133
77
12
72
88
96
50
70
103
23
44
103
47
68
91
107
119
57
22
74
110
3
47
120
13
123
56
0
5
12
18
55
74
30
33
40
95
96
100
105
124
124
11
8
72
98
125
39
56
107
107
31
35
77
129
42
130
132
58
132
133
55
17
134
63
9
135
29
80
93
126
18
